22,96
################################################################################################
#                                                                                              #
#                                                                                              #
#                                                                                              #
#                                                                                              #
1                                                                                              #
#                                                                                              #
#              #########################*#############                                         #
#                                                                                              #
#                                                                                              O
#                                                                                              #
#                                                                                              #
#                                                                                              #
2                                                                                              #
#                                                                                              #
#                                  #################*#####################                     #
#                                                                                              #
#                                                                                              #
#                                                              #################################
#                                                                                              #
#                                                                                              #
################################################################################################
