(@): 60, 50, 30;
($): 80, 40, 40, 90;
(%): 20, 20, 30, 60;
(*): 20, 20;)
(G): 3000
(M): 22,96
################################################################################################
#                                                                                              #
#                                                                                              #
#                                                                                              #
#                                                                                              #
1                                                                                              #
#                                                                                              #
#              #########################*#############                                         #
#                                                                                              #
#                                                                                              O
#                                                                                              #
#                                                                                              #
#                                                                                              #
2                                                                                              #
#                                                                                              #
#                                  #################*#####################                     #
#                                                                                              #
#                                                                                              #
#                                                              #################################
#                                                                                              #
#                                                                                              #
################################################################################################
