(U)
T @ 10 10 50 30
T \ 10 100 50 10
A $ 10 50 40 40 10
A - 20 50 40 40 20
A a 50 100 40 40 30
A b 100 200 40 40 40
M % 20 20 3 30
R * 20 20 3
R ? 80 80 3
R ; 20 20 5
M ' 20 20 3 30

(W)
0 3 20 400
[         ]
[         ]
[         ]

(M)
25 73 (100 100) 10
###################################2#################3###################
#   #               #                   #                   #           #
#   #   #####   #   #   #####   #   #####   #########   #   #####   #   #
#   #   #   #   #   #   #   #   #   #       #       #   #           #   #
#   #   #   #   #####   #   #   #   #   #####   #   #   #############   #
#       #   #   #       #   #   #       #       #       #       #       #
#   #####   #   #   #####   #############   #############   #   #   #####
#   #       #       #   #               #   #           #   #           #
#   #####   #########   #############   #   #   #####   #############   #
#               #       #   #           #   #       #   #       #   #   #
#############   #   #   #   #   #########   #####   #   #   #   #   #   #
#       #   #       #       #   #           #       #       #   #       #
#   #   #   #########   #####   #   #########   #############   #########
#   #       #           #       #               #           #           #
#   #####   #   #########   #####################   #####   #   #####   #
#       #   #   #       #                       #   #       #       #   #
#####   #   #   #####   #####################   #   #   #############   #
#       #   #                   #   #           #   #           #       O
#   #####   #################   #   #   #########   #########   #   #   #
#   #       #       #   #       #   #       #               #       #   #
#   #####   #   #   #   #   #####   #####   #####   #####   #########   #
#       #       #       #           #   #       #       #       #   #   #
#   #   #########################   #   #####   #############   #   #   #
#   #                                       #                   #       #
################1########################################################



source: https://github.com/boppreh/maze