(U)
T @ 10  50  100 200
T \ 40  100 100 100
T ! 50  30  20  50
A $ 80  40  50  200 20
A - 30  50  40  50  20
A a 50  50  20  50  50
A b 100 100 40  40  40

M % 20  20  3
M ' 20  10  5
M + 10  10  10
R * 20  20  3
R ? 40  80  3
R ; 20  20  5

(M)
25 73 (100 100) 10
###################################2#################3###################
#   #               #                   #                   #           #
#   #   #####   #   #   #####   #   #####   #########   #   #####   #   #
#   #   #   #   #   #   #   #   #   #       #       #   #           #   #
#   #   #   #   #####   #   #   #   #   #####   #   #   #############   #
#       #   #   #       #   #   #       #       #       #       #       #
#   #####   #   #   #####   #############   #############   #   #   #####
#   #       #       #   #               #   #           #   #           #
#   #####   #########   #############   #   #   #####   #############   #
#               #       #   #           #   #       #   #       #   #   #
#############   #   #   #   #   #########   #####   #   #   #   #   #   #
#       #   #       #       #   #           #       #       #   #       #
#   #   #   #########   #####   #   #########   #############   #########
#   #       #           #       #               #           #           #
#   #####   #   #########   #####################   #####   #   #####   #
#       #   #   #       #                       #   #       #       #   #
#####   #   #   #####   #####################   #   #   #############   #
#       #   #                   #   #           #   #           #       O
#   #####   #################   #   #   #########   #########   #   #   #
#   #       #       #   #       #   #       #               #       #   #
#   #####   #   #   #   #   #####   #####   #####   #####   #########   #
#       #       #       #           #   #       #       #       #   #   #
#   #   #########################   #   #####   #############   #   #   #
#   #                                       #                   #       #
################1########################################################

(W)
0 3 20 800
[         ]
[         ]
[         ]


source: https://github.com/boppreh/maze
