(U)
T @ 20 60 50 30
A $ 20 80 40 40 10
M % 20 20 5 30
R * 20 20 4

(W)
0 3 60 500
[          ]
[          ]
[          ]

(M)
20 96 (400 400) 15
################################################################################################
#                                                                                              #
#                                                                                              #
1                                                                                              #
#                                                                                              #
#              #########################*#############                                         #
#                                                                                              #
#                                                                                              O
#                                                                                              #
#                                                                                              #
#                                                                                              #
2                                                                                              #
#                                                                                              #
#                                  #################*#####################                     #
#                                                                                              #
#                                                                                              #
#                                                              #################################
#                                                                                              #
#                                                                                              #
#######################################################3########################################
